
 Primary working directories    : /global/cscratch1/sd/haihan
 Secondary working directories  : /global/cscratch1/sd/haihan
 Wavefunction directory         : /global/homes/h/haihan/wfu/
 Main file repository           : /global/cscratch1/sd/haihan/

 SHA1      : 19cd028119e0e09f93f0674bd8af7968d9b3eff6
 NAME      : 2015.1.36
 ARCHNAME  : linux/x86_64
 FC        : /opt/cray/pe/craype/2.5.14/bin/ftn
 BLASLIB   : -L/opt/intel/compilers_and_libraries_2018.1.163/linux/mkl/lib/intel64 -Wl,-_start-group -lmkl_intel_ilp64 -lmkl_intel_thread -lmkl_core -Wl,-_end-group -liomp5
 id        : lbl

 Nodes     nprocs
 nid02198    11
 Number of processes for MPI-2 version of Molpro:   nprocs(total)=   12   nprocs(compute)=   11   nprocs(helper)=    1

 Using customized tuning parameters: mindgm=7; mindgv=16; mindgc=1; mindgr=1; noblas=0; minvec=7
 default implementation of scratch files=sf  

 ***,Calculation for Y atom, singlet and triplet
 memory,1,g
 
 gthresh,twoint=1.0E-15
 gthresh,throvl=1.0E-15
 
 
 basis={
 ECP, rh, 28, 3
 4
 1, 24.39418339667943,  17.0
 3, 22.04039328647782,  414.701117743550310
 2, 8.68959802091859 , -11.28596716898800
 2, 9.42876174408168 , -13.65967314795482
 2
 2, 12.14222075163778,  246.88885026177641
 2, 5.27587258937924 , 32.47728600373158
 2
 2, 9.30893198370713 , 181.20541890285168
 2, 7.08173403078745 , 29.20305213092277
 2
 2, 9.04660426307257 , 83.08287561534985
 2, 3.77483713896007 , 10.59594468142145
 ECP,H,0,1,0
 3;
 2,   21.77696655044365 ,     -10.85192405303825 ;
 1,   21.24359508259891 ,       1.00000000000000;
 3,   21.24359508259891 ,      21.24359508259891;
 1; 2,                   1.,                      0.;
 Including file /global/u2/h/haihan/Research/ECP/f_group_element_ecps/Rh/Molpro/molecules/RhH/ECP3/test/../../generate/Rh-aug-cc-pwCVTZ.basis
 Including file /global/u2/h/haihan/Research/ECP/f_group_element_ecps/Rh/Molpro/molecules/RhH/ECP3/test/../../generate/H-aug-cc-pVTZ.basis
 }
 
 
 Rh_ccsd=-109.99926072
 H_ccsd=-0.49982987
 
                                                                                 !These are the wf cards parameters
 ne = 18
 symm = 1
 ss= 2
 
                                                                                 !There are irrep cards paramters
 A1=5
 B1=2
 B2=2
 A2=1
 
 
 geometry={
     2
     RhH molecule
     Rh 0.0 0.0 0.0
     H 0.0 0.0 1.10
 }
 {rhf,nitord=20;
  maxit,200;
  wf,ne,symm,ss
  occ,A1,B1,B2,A2
  closed,A1-2,B1,B2,A2
  print,orbitals=2
 }
 scf=energy
 _CC_NORM_MAX=2.0
 {rccsd(t),shifts=0.5,shiftp=0.5,thrdis=1.0;diis,1,1,15,1;maxit,200;core}
 ccsd=energy
 bind=ccsd-Rh_ccsd-H_ccsd
 
 
 table,1.10,scf,ccsd,bind
 save
 type,csv
 

 Variables initialized (889), CPU time= 0.00 sec
 Commands  initialized (702), CPU time= 0.01 sec, 572 directives.
 Default parameters read. Elapsed time= 0.11 sec

 Checking input...
 Passed
1


                                         ***  PROGRAM SYSTEM MOLPRO  ***
                                       Copyright, TTI GmbH Stuttgart, 2015
                                    Version 2015.1 linked Dec 29 2018 15:55:43


 **********************************************************************************************************************************
 LABEL *   Calculation for Y atom, singlet and triplet                                   
  64 bit mpp version                                                                     DATE: 28-Sep-22          TIME: 19:49:18  
 **********************************************************************************************************************************

 SHA1:             19cd028119e0e09f93f0674bd8af7968d9b3eff6
 **********************************************************************************************************************************

 THRESHOLDS:

 ZERO    =  1.00D-12  ONEINT  =  1.00D-12  TWOINT  =  1.00D-15  PREFAC  =  1.00D-14  LOCALI  =  1.00D-09  EORDER  =  1.00D-04
 ENERGY  =  0.00D+00  ETEST   =  0.00D+00  EDENS   =  0.00D+00  THRDEDEF=  1.00D-06  GRADIENT=  1.00D-02  STEP    =  1.00D-03
 ORBITAL =  1.00D-05  CIVEC   =  1.00D-05  COEFF   =  1.00D-04  PRINTCI =  5.00D-02  PUNCHCI =  9.90D+01  OPTGRAD =  3.00D-04
 OPTENERG=  1.00D-06  OPTSTEP =  3.00D-04  THRGRAD =  1.00D-10  COMPRESS=  1.00D-11  VARMIN  =  1.00D-07  VARMAX  =  1.00D-03
 THRDOUB =  0.00D+00  THRDIV  =  1.00D-05  THRRED  =  1.00D-07  THRPSP  =  1.00D+00  THRDC   =  1.00D-10  THRCS   =  1.00D-10
 THRNRM  =  1.00D-08  THREQ   =  0.00D+00  THRDE   =  1.00D+00  THRREF  =  1.00D-05  SPARFAC =  1.00D+00  THRDLP  =  1.00D-07
 THRDIA  =  1.00D-10  THRDLS  =  1.00D-07  THRGPS  =  0.00D+00  THRKEX  =  0.00D+00  THRDIS  =  2.00D-01  THRVAR  =  1.00D-10
 THRLOC  =  1.00D-06  THRGAP  =  1.00D-06  THRLOCT = -1.00D+00  THRGAPT = -1.00D+00  THRORB  =  1.00D-06  THRMLTP =  0.00D+00
 THRCPQCI=  1.00D-10  KEXTA   =  0.00D+00  THRCOARS=  0.00D+00  SYMTOL  =  1.00D-06  GRADTOL =  1.00D-06  THROVL  =  1.00D-08
 THRORTH =  1.00D-08  GRID    =  1.00D-06  GRIDMAX =  1.00D-03  DTMAX   =  0.00D+00  THROCCDE=  1.00D-01  THROCCDE=  1.00D-01



 THRESHOLDS:

 ZERO    =  1.00D-12  ONEINT  =  1.00D-12  TWOINT  =  1.00D-15  PREFAC  =  1.00D-14  LOCALI  =  1.00D-09  EORDER  =  1.00D-04
 ENERGY  =  0.00D+00  ETEST   =  0.00D+00  EDENS   =  0.00D+00  THRDEDEF=  1.00D-06  GRADIENT=  1.00D-02  STEP    =  1.00D-03
 ORBITAL =  1.00D-05  CIVEC   =  1.00D-05  COEFF   =  1.00D-04  PRINTCI =  5.00D-02  PUNCHCI =  9.90D+01  OPTGRAD =  3.00D-04
 OPTENERG=  1.00D-06  OPTSTEP =  3.00D-04  THRGRAD =  1.00D-10  COMPRESS=  1.00D-11  VARMIN  =  1.00D-07  VARMAX  =  1.00D-03
 THRDOUB =  0.00D+00  THRDIV  =  1.00D-05  THRRED  =  1.00D-07  THRPSP  =  1.00D+00  THRDC   =  1.00D-10  THRCS   =  1.00D-10
 THRNRM  =  1.00D-08  THREQ   =  0.00D+00  THRDE   =  1.00D+00  THRREF  =  1.00D-05  SPARFAC =  1.00D+00  THRDLP  =  1.00D-07
 THRDIA  =  1.00D-10  THRDLS  =  1.00D-07  THRGPS  =  0.00D+00  THRKEX  =  0.00D+00  THRDIS  =  2.00D-01  THRVAR  =  1.00D-10
 THRLOC  =  1.00D-06  THRGAP  =  1.00D-06  THRLOCT = -1.00D+00  THRGAPT = -1.00D+00  THRORB  =  1.00D-06  THRMLTP =  0.00D+00
 THRCPQCI=  1.00D-10  KEXTA   =  0.00D+00  THRCOARS=  0.00D+00  SYMTOL  =  1.00D-06  GRADTOL =  1.00D-06  THROVL  =  1.00D-15
 THRORTH =  1.00D-08  GRID    =  1.00D-06  GRIDMAX =  1.00D-03  DTMAX   =  0.00D+00  THROCCDE=  1.00D-01  THROCCDE=  1.00D-01



 Variable memory set to 1000000000 words,  buffer space   230000 words

 SETTING BASIS          =    USERDEF
 SETTING RH_CCSD        =      -109.99926072                                  
 SETTING H_CCSD         =        -0.49982987                                  
 SETTING NE             =        18.00000000                                  
 SETTING SYMM           =         1.00000000                                  
 SETTING SS             =         2.00000000                                  
 SETTING A1             =         5.00000000                                  
 SETTING B1             =         2.00000000                                  
 SETTING B2             =         2.00000000                                  
 SETTING A2             =         1.00000000                                  

Geometry recognized as XYZ



 Recomputing integrals since basis changed


 Using spherical harmonics



 PROGRAM * SEWARD (Integral evaluation for generally contracted gaussian basis sets)     Author: Roland Lindh, 1990

 Geometry written to block  1 of record 700


 Point group  C2v 



 ATOMIC COORDINATES

 NR  ATOM    CHARGE       X              Y              Z

   1  RH     17.00    0.000000000    0.000000000    0.000000000
   2  H       1.00    0.000000000    0.000000000    2.078698737

 Bond lengths in Bohr (Angstrom)

 1-2  2.078698737
     ( 1.100000000)

 NUCLEAR CHARGE:                   18
 NUMBER OF PRIMITIVE AOS:         337
 NUMBER OF SYMMETRY AOS:          284
 NUMBER OF CONTRACTIONS:          284   ( 125A1  +  64B1  +  64B2  +  31A2  )
 NUMBER OF CORE ORBITALS:           4   (   2A1  +   1B1  +   1B2  +   0A2  )
 NUMBER OF VALENCE ORBITALS:        7   (   4A1  +   1B1  +   1B2  +   1A2  )


 NUCLEAR REPULSION ENERGY    8.17819326

 EXTRA SYMMETRY OF AOS IN SYMMETRY 1:   1 1 1 1 1 1 1 1 1 1   1 1 1 1 1 1 1 1 1 1   1 1 1 1 1 1 1 1 1 1   1 1 1 1 1 1 1 1 1 1
                                        1 1 1 1 1 1 1 1 1 1   1 1 1 1 1 1 1 1 2 1   2 1 2 1 2 1 2 1 2 1   2 1 2 1 2 1 2 1 2 1
                                        2 1 2 1 2 1 2 1 2 1   2 1 2 1 2 1 2 1 2 1   2 1 2 1 3 2 1 3 2 1   3 2 1 1 1 1 1 1 1 1
                                        1 1 2 1 2
 EXTRA SYMMETRY OF AOS IN SYMMETRY 2:   1 1 1 1 1 1 1 1 1 1   1 1 1 1 1 1 1 1 1 1   1 1 1 1 1 1 1 1 1 1   1 1 1 1 1 1 1 1 1 1
                                        1 1 1 1 2 1 2 1 2 1   2 1 2 1 2 1 2 1 2 1   1 1 1 1
 EXTRA SYMMETRY OF AOS IN SYMMETRY 3:   1 1 1 1 1 1 1 1 1 1   1 1 1 1 1 1 1 1 1 1   1 1 1 1 1 1 1 1 1 1   1 1 1 1 1 1 1 1 1 1
                                        1 1 1 1 2 1 2 1 2 1   2 1 2 1 2 1 2 1 2 1   1 1 1 1
 EXTRA SYMMETRY OF AOS IN SYMMETRY 4:   1 1 1 1 1 1 1 1 1 1   1 1 1 1 1 1 1 1 1 1   1 1 1 1 2 1 2 1 2 1   1

 Eigenvalues of metric

         1 0.116E-07 0.788E-06 0.862E-06 0.258E-05 0.276E-05 0.432E-05 0.516E-05 0.182E-04
         2 0.881E-06 0.273E-05 0.613E-05 0.328E-04 0.476E-04 0.536E-03 0.651E-03 0.138E-02
         3 0.881E-06 0.273E-05 0.613E-05 0.328E-04 0.476E-04 0.536E-03 0.651E-03 0.138E-02
         4 0.276E-05 0.493E-04 0.686E-03 0.164E-02 0.452E-02 0.126E-01 0.266E-01 0.526E-01


 Contracted 2-electron integrals neglected if value below      1.0D-15
